// Jest Snapshot v1, https://goo.gl/fbAQLP

exports[`Search renders correctly 1`] = `
<Fragment>
  <div
    className="coop-search"
  >
    <img
      alt="søg"
      className="coop-search__icon"
      src="https://cdn.jsdelivr.net/gh/theisof/coop-trolley@2.0.0/images/search.svg"
    />
    <input
      className="coop-search__input"
      id="coop-search__input"
      onBlur={[Function]}
      onChange={[Function]}
      onClick={[Function]}
      placeholder="Søg..."
      value=""
    />
    <div
      className="coop-search__clear-wrap "
      onClick={[Function]}
    >
      <img
        alt="Luk"
        className="coop-search__clear-image"
        src="https://cdn.jsdelivr.net/gh/theisof/coop-trolley@2.0.0/images/times-black.svg"
      />
    </div>
  </div>
  <Backdrop
    onClose={[Function]}
    visible={false}
  />
</Fragment>
`;
